#
# A fatal error has been detected by the Java Runtime Environment:
#
#  EXCEPTION_ACCESS_VIOLATION (0xc0000005) at pc=0x00007ffefe65632e, pid=27184, tid=37584
#
# JRE version: OpenJDK Runtime Environment (25.0.2) (build 25.0.2+-15348964-b329.117)
# Java VM: OpenJDK 64-Bit Server VM (25.0.2+-15348964-b329.117, mixed mode, tiered, compressed oops, compressed class ptrs, g1 gc, windows-amd64)
# Problematic frame:
# V  [jvm.dll+0x7e632e]
#
# No core dump will be written. Minidumps are not enabled by default on client versions of Windows
#
# If you would like to submit a bug report, please visit:
#   https://youtrack.jetbrains.com/issues/JBR
#

---------------  S U M M A R Y ------------

Command Line: -Dorg.gradle.appname=gradlew org.gradle.wrapper.GradleWrapperMain -q -Ptarget-platform=android-x64 -Ptarget=C:\Users\Lambert 2\Desktop\cicloplus_app\lib\main.dart -Pbase-application-name=android.app.Application -Pdart-defines=RkxVVFRFUl9WRVJTSU9OPTMuNDQuOA==,RkxVVFRFUl9DSEFOTkVMPXN0YWJsZQ==,RkxVVFRFUl9HSVRfVVJMPWh0dHBzOi8vZ2l0aHViLmNvbS9mbHV0dGVyL2ZsdXR0ZXIuZ2l0,RkxVVFRFUl9GUkFNRVdPUktfUkVWSVNJT049MDU4ZTBhZjJjMg==,RkxVVFRFUl9FTkdJTkVfUkVWSVNJT049MGNkNjEwNzE3Yg==,RkxVVFRFUl9EQVJUX1ZFUlNJT049My4xMi4y -Pdart-obfuscation=false -Ptrack-widget-creation=true -Ptree-shake-icons=false -Pfilesystem-scheme=org-dartlang-root assembleDebug

Host: AMD Ryzen 9 9950X3D 16-Core Processor          , 32 cores, 31G,  Windows 11 , 64 bit Build 26100 (10.0.26100.8972)
Time: Wed Aug  5 02:07:05 2026 Hora de verano romance elapsed time: 0.438521 seconds (0d 0h 0m 0s)

---------------  T H R E A D  ---------------

Current thread (0x0000024a28ace560):  JavaThread "C2 CompilerThread4" daemon [_thread_in_native, id=37584, stack(0x000000f597c00000,0x000000f597d00000) (1024K)]


Current CompileTask:
C2:438 1439   !   4       java.util.zip.ZipFile$Source::initCEN (641 bytes)

Stack: [0x000000f597c00000,0x000000f597d00000],  sp=0x000000f597cfbf60,  free space=1007k
Native frames: (J=compiled Java code, j=interpreted, Vv=VM code, C=native code)
V  [jvm.dll+0x7e632e]  (no source info available)
V  [jvm.dll+0x2d839e]  (no source info available)
V  [jvm.dll+0x2cec77]  (no source info available)
V  [jvm.dll+0x2cd122]  (no source info available)
V  [jvm.dll+0x242ffa]  (no source info available)
V  [jvm.dll+0x2dcc05]  (no source info available)
V  [jvm.dll+0x2dae06]  (no source info available)
V  [jvm.dll+0x49b59e]  (no source info available)
V  [jvm.dll+0x9ab9c8]  (no source info available)
V  [jvm.dll+0x7bb985]  (no source info available)
C  [ucrtbase.dll+0x2cd30]  (no source info available)
C  [KERNEL32.DLL+0x2ccb7]  (no source info available)
C  [ntdll.dll+0xaad6c]  (no source info available)


siginfo: EXCEPTION_ACCESS_VIOLATION (0xc0000005), reading address 0xffffffffffffffff


Registers:
RAX=0x6e616c2f6176616a, RBX=0x0000000000000e89, RCX=0x0000024a282e5b90, RDX=0x0000024a28be64d0
RSP=0x000000f597cfbf60, RBP=0x0000000000004000, RSI=0x0000024a28be64d0, RDI=0x0000000000000082
R8 =0x0000000000000000, R9 =0x0000000000000001, R10=0x00000000000005a7, R11=0x000000f597cfbee0
R12=0x0000024a28264e30, R13=0x0000000000000000, R14=0x0000000000007448, R15=0x000000f597cfc240
RIP=0x00007ffefe65632e, EFLAGS=0x0000000000010206

XMM[0]=0x0000000000000000 0x0000000000000000
XMM[1]=0x0000024a28b624c0 0x0000024a28e493e0
XMM[2]=0x0000024a28bc19b8 0x0000024a28a87a60
XMM[3]=0x0000024a28456c40 0x0000024a28e00df0
XMM[4]=0x0000024a28cdb9f8 0x0000024a2da37d08
XMM[5]=0x0000024a28470dc8 0x0000024a28b624c0
XMM[6]=0x0000000000000000 0x0000000000000000
XMM[7]=0x0000000000000000 0x0000000000000000
XMM[8]=0x0000000000000000 0x0000000000000000
XMM[9]=0x0000000000000000 0x0000000000000000
XMM[10]=0x0000000000000000 0x0000000000000000
XMM[11]=0x0000000000000000 0x0000000000000000
XMM[12]=0x0000000000000000 0x0000000000000000
XMM[13]=0x0000000000000000 0x0000000000000000
XMM[14]=0x0000000000000000 0x0000000000000000
XMM[15]=0x0000000000000000 0x0000000000000000
  MXCSR=0x00001fa0


Register to memory mapping:

RAX=0x6e616c2f6176616a is an unknown value
RBX=0x0000000000000e89 is an unknown value
RCX=0x0000024a282e5b90 points into unknown readable memory: 0x6e616c2f6176616a | 6a 61 76 61 2f 6c 61 6e
RDX=0x0000024a28be64d0 points into unknown readable memory: 0x000000f597cfe360 | 60 e3 cf 97 f5 00 00 00
RSP=0x000000f597cfbf60 is pointing into the stack for thread: 0x0000024a28ace560
RBP=0x0000000000004000 is an unknown value
RSI=0x0000024a28be64d0 points into unknown readable memory: 0x000000f597cfe360 | 60 e3 cf 97 f5 00 00 00
RDI=0x0000000000000082 is an unknown value
R8 =0x0 is null
R9 =0x0000000000000001 is an unknown value
R10=0x00000000000005a7 is an unknown value
R11=0x000000f597cfbee0 is pointing into the stack for thread: 0x0000024a28ace560
R12=0x0000024a28264e30 points into unknown readable memory: 0x00007ffefea3ef70 | 70 ef a3 fe fe 7f 00 00
R13=0x0 is null
R14=0x0000000000007448 is an unknown value
R15=0x000000f597cfc240 is pointing into the stack for thread: 0x0000024a28ace560

Top of Stack: (sp=0x000000f597cfbf60)
0x000000f597cfbf60:   0000000000000e64 0000000000004000   d........@......
0x000000f597cfbf70:   0000024a28be64d0 00007ffefe834cc0   .d.(J....L......
0x000000f597cfbf80:   0000024a287e2660 0000024a2d736888   `&~(J....hs-J...
0x000000f597cfbf90:   000000000000001d 0000000000000ea6   ................
0x000000f597cfbfa0:   0000024a070d4b50 000000f597cfc240   PK..J...@.......
0x000000f597cfbfb0:   0000024a28d17648 00007ffefe14839e   Hv.(J...........
0x000000f597cfbfc0:   000000f597cfc040 0000024a28d17630   @.......0v.(J...
0x000000f597cfbfd0:   0000000000000082 0000024a289d6520   ........ e.(J...
0x000000f597cfbfe0:   0000024a2874ec90 000000f500001000   ..t(J...........
0x000000f597cfbff0:   0000024a2d9019a8 0000024a00001000   ...-J.......J...
0x000000f597cfc000:   0000024a00000ea6 0000020000000200   ....J...........
0x000000f597cfc010:   0000024a2d97fa70 0000024a2874ec90   p..-J.....t(J...
0x000000f597cfc020:   0000000000000000 0000000000000000   ................
0x000000f597cfc030:   0000024a070d4b50 0000000000000002   PK..J...........
0x000000f597cfc040:   0000024a04b7c280 000000f597cfe230   ....J...0.......
0x000000f597cfc050:   000000f597cfc160 00007ffefe13ec77   `.......w.......
0x000000f597cfc060:   000000f597cfe230 0000024a28be6458   0.......Xd.(J...
0x000000f597cfc070:   000000f50000001d 0000000000000000   ................
0x000000f597cfc080:   0000024a288a68b0 0000000000000000   .h.(J...........
0x000000f597cfc090:   0000000000000000 0000000000000000   ................
0x000000f597cfc0a0:   0000024a28000001 0000024a2d736800   ...(J....hs-J...
0x000000f597cfc0b0:   0000024a28759250 00007ffefea10680   P.u(J...........
0x000000f597cfc0c0:   0000000000000000 000000f597cfe230   ........0.......
0x000000f597cfc0d0:   0000000000000000 00007ffefe834300   .........C......
0x000000f597cfc0e0:   000000000041ff0d 0000000000000000   ..A.............
0x000000f597cfc0f0:   0000024a288a6a90 0000024a288a6a90   .j.(J....j.(J...
0x000000f597cfc100:   0000000000000000 0000024a2874ec90   ..........t(J...
0x000000f597cfc110:   0000024a2d97bee0 0000024a2d97d2c0   ...-J......-J...
0x000000f597cfc120:   0000024a2d983ed0 00000000000382c0   .>.-J...........
0x000000f597cfc130:   0000024a288feaf8 0000000000000110   ...(J...........
0x000000f597cfc140:   0000000000000110 0000000000000000   ................
0x000000f597cfc150:   000000f597cfc1b0 00007ffefe2a757a   ........zu*.....

Instructions: (pc=0x00007ffefe65632e)
  0x00007ffefe65622e:   00 00 eb 24 48 83 e9 10 49 8b d6 48 89 4c 24 20
  0x00007ffefe65623e:   48 8b 8e 68 09 00 00 e8 86 f0 fa ff 48 8b 4e 10
  0x00007ffefe65624e:   49 8b d6 e8 ba 22 af ff 48 8b 44 24 20 48 3b 44
  0x00007ffefe65625e:   24 30 0f 83 7b fd ff ff 48 8b ac 24 98 00 00 00
  0x00007ffefe65626e:   4c 8b b4 24 a0 00 00 00 4c 8b bc 24 a8 00 00 00
  0x00007ffefe65627e:   49 83 3c 24 00 74 13 49 8b d7 49 8b cd e8 20 8c
  0x00007ffefe65628e:   92 ff 49 8b cc e8 f8 8b 92 ff 49 39 6d 20 74 0c
  0x00007ffefe65629e:   4d 89 65 18 49 89 6d 20 4d 89 75 28 48 8b 9c 24
  0x00007ffefe6562ae:   90 00 00 00 48 83 c4 50 41 5f 41 5e 41 5d 41 5c
  0x00007ffefe6562be:   5f 5e 5d c3 cc cc cc cc cc cc cc cc cc cc cc cc
  0x00007ffefe6562ce:   cc cc 40 53 41 55 41 57 48 83 ec 40 48 8b 51 28
  0x00007ffefe6562de:   45 33 ed 41 8b dd 4c 8b f9 39 5a 08 0f 86 24 01
  0x00007ffefe6562ee:   00 00 48 89 6c 24 60 48 89 74 24 68 48 89 7c 24
  0x00007ffefe6562fe:   70 4c 89 64 24 38 4c 89 74 24 30 0f 1f 80 00 00
  0x00007ffefe65630e:   00 00 8b c3 4c 8d 34 c5 00 00 00 00 48 8b 42 10
  0x00007ffefe65631e:   49 8b 0c 06 48 85 c9 0f 84 c1 00 00 00 48 8b 01
=>0x00007ffefe65632e:   ff 90 88 00 00 00 49 8b 77 28 4c 8b e0 8b 6e 08
  0x00007ffefe65633e:   3b dd 0f 82 9e 00 00 00 85 ed 75 41 4c 8b 0e c7
  0x00007ffefe65634e:   46 08 01 00 00 00 49 8b 49 20 49 8b 41 28 48 2b
  0x00007ffefe65635e:   c1 48 83 f8 08 72 0a 48 8d 41 08 49 89 41 20 eb
  0x00007ffefe65636e:   12 45 33 c0 49 8b c9 41 8d 50 08 e8 12 89 92 ff
  0x00007ffefe65637e:   48 8b c8 48 89 4e 10 4c 89 29 8b 6e 08 8d 53 01
  0x00007ffefe65638e:   85 d2 74 04 85 d3 74 0c 0f bd ca ba 01 00 00 00
  0x00007ffefe65639e:   ff c1 d3 e2 48 8b 0e 44 8b ca 8b c5 89 56 08 48
  0x00007ffefe6563ae:   8b 56 10 49 c1 e1 03 48 8d 3c c5 00 00 00 00 44
  0x00007ffefe6563be:   89 6c 24 20 4c 8b c7 e8 d6 83 92 ff 44 8b 46 08
  0x00007ffefe6563ce:   33 d2 44 2b c5 48 89 46 10 49 c1 e0 03 48 8d 0c
  0x00007ffefe6563de:   07 e8 7e c8 25 00 48 8b 46 10 4d 89 24 06 49 8b
  0x00007ffefe6563ee:   57 28 ff c3 3b 5a 08 0f 82 15 ff ff ff 4c 8b 74
  0x00007ffefe6563fe:   24 30 4c 8b 64 24 38 48 8b 7c 24 70 48 8b 74 24
  0x00007ffefe65640e:   68 48 8b 6c 24 60 48 83 c4 40 41 5f 41 5d 5b c3
  0x00007ffefe65641e:   cc cc 48 89 5c 24 08 48 89 74 24 10 57 48 8b 59


Stack slot to memory mapping:

stack at sp + 0 slots: 0x0000000000000e64 is an unknown value
stack at sp + 1 slots: 0x0000000000004000 is an unknown value
stack at sp + 2 slots: 0x0000024a28be64d0 points into unknown readable memory: 0x000000f597cfe360 | 60 e3 cf 97 f5 00 00 00
stack at sp + 3 slots: 0x00007ffefe834cc0 jvm.dll
stack at sp + 4 slots: 0x0000024a287e2660 points into unknown readable memory: 0x00007ffefea3fcc8 | c8 fc a3 fe fe 7f 00 00
stack at sp + 5 slots: 0x0000024a2d736888 points into unknown readable memory: 0x000000f597cfe570 | 70 e5 cf 97 f5 00 00 00
stack at sp + 6 slots: 0x000000000000001d is an unknown value
stack at sp + 7 slots: 0x0000000000000ea6 is an unknown value

Lock stack of current Java thread (top to bottom):


---------------  P R O C E S S  ---------------

Threads class SMR info:
_java_thread_list=0x0000024a2d606cf0, length=19, elements={
0x0000024a04b65bd0, 0x0000024a281d2c10, 0x0000024a281d6730, 0x0000024a281f2db0,
0x0000024a281f3bc0, 0x0000024a281f4d90, 0x0000024a28206200, 0x0000024a28207530,
0x0000024a282178b0, 0x0000024a282207d0, 0x0000024a282f99a0, 0x0000024a283c2960,
0x0000024a288d6c40, 0x0000024a28bafde0, 0x0000024a28acdd50, 0x0000024a28ace560,
0x0000024a28544a30, 0x0000024a28544220, 0x0000024a285492c0
}

Java Threads: ( => current thread )
  0x0000024a04b65bd0 JavaThread "main"                              [_thread_in_vm, id=28140, stack(0x000000f596600000,0x000000f596700000) (1024K)]
  0x0000024a281d2c10 JavaThread "Common-Cleaner"             daemon [_thread_blocked, id=41884, stack(0x000000f596e00000,0x000000f596f00000) (1024K)]
  0x0000024a281d6730 JavaThread "Reference Handler"          daemon [_thread_blocked, id=7528, stack(0x000000f596f00000,0x000000f597000000) (1024K)]
  0x0000024a281f2db0 JavaThread "Finalizer"                  daemon [_thread_blocked, id=3528, stack(0x000000f597000000,0x000000f597100000) (1024K)]
  0x0000024a281f3bc0 JavaThread "Signal Dispatcher"          daemon [_thread_blocked, id=40700, stack(0x000000f597100000,0x000000f597200000) (1024K)]
  0x0000024a281f4d90 JavaThread "Attach Listener"            daemon [_thread_blocked, id=44008, stack(0x000000f597200000,0x000000f597300000) (1024K)]
  0x0000024a28206200 JavaThread "Service Thread"             daemon [_thread_blocked, id=42632, stack(0x000000f597300000,0x000000f597400000) (1024K)]
  0x0000024a28207530 JavaThread "Monitor Deflation Thread"   daemon [_thread_blocked, id=22324, stack(0x000000f597400000,0x000000f597500000) (1024K)]
  0x0000024a282178b0 JavaThread "C2 CompilerThread0"         daemon [_thread_in_native, id=9432, stack(0x000000f597500000,0x000000f597600000) (1024K)]
  0x0000024a282207d0 JavaThread "C1 CompilerThread0"         daemon [_thread_blocked, id=5196, stack(0x000000f597600000,0x000000f597700000) (1024K)]
  0x0000024a282f99a0 JavaThread "C1 CompilerThread1"         daemon [_thread_blocked, id=40728, stack(0x000000f597700000,0x000000f597800000) (1024K)]
  0x0000024a283c2960 JavaThread "Notification Thread"        daemon [_thread_blocked, id=40332, stack(0x000000f597800000,0x000000f597900000) (1024K)]
  0x0000024a288d6c40 JavaThread "C2 CompilerThread1"         daemon [_thread_blocked, id=3664, stack(0x000000f597900000,0x000000f597a00000) (1024K)]
  0x0000024a28bafde0 JavaThread "C2 CompilerThread2"         daemon [_thread_blocked, id=21796, stack(0x000000f597a00000,0x000000f597b00000) (1024K)]
  0x0000024a28acdd50 JavaThread "C2 CompilerThread3"         daemon [_thread_blocked, id=37616, stack(0x000000f597b00000,0x000000f597c00000) (1024K)]
=>0x0000024a28ace560 JavaThread "C2 CompilerThread4"         daemon [_thread_in_native, id=37584, stack(0x000000f597c00000,0x000000f597d00000) (1024K)]
  0x0000024a28544a30 JavaThread "C1 CompilerThread2"         daemon [_thread_blocked, id=7652, stack(0x000000f598800000,0x000000f598900000) (1024K)]
  0x0000024a28544220 JavaThread "C1 CompilerThread3"         daemon [_thread_blocked, id=40900, stack(0x000000f598900000,0x000000f598a00000) (1024K)]
  0x0000024a285492c0 JavaThread "C1 CompilerThread4"         daemon [_thread_blocked, id=21900, stack(0x000000f598a00000,0x000000f598b00000) (1024K)]
Total: 19

Other Threads:
  0x0000024a28193630 VMThread "VM Thread"                           [id=41980, stack(0x000000f596d00000,0x000000f596e00000) (1024K)]
  0x0000024a247dc8a0 WatcherThread "VM Periodic Task Thread"        [id=37388, stack(0x000000f596c00000,0x000000f596d00000) (1024K)]
  0x0000024a0716c030 WorkerThread "GC Thread#0"                     [id=13936, stack(0x000000f596700000,0x000000f596800000) (1024K)]
  0x0000024a28c2c6f0 WorkerThread "GC Thread#1"                     [id=43308, stack(0x000000f597d00000,0x000000f597e00000) (1024K)]
  0x0000024a2d4ffee0 WorkerThread "GC Thread#2"                     [id=37436, stack(0x000000f597e00000,0x000000f597f00000) (1024K)]
  0x0000024a2d500720 WorkerThread "GC Thread#3"                     [id=41316, stack(0x000000f597f00000,0x000000f598000000) (1024K)]
  0x0000024a2d501160 WorkerThread "GC Thread#4"                     [id=7036, stack(0x000000f598000000,0x000000f598100000) (1024K)]
  0x0000024a2d5e8900 WorkerThread "GC Thread#5"                     [id=23368, stack(0x000000f598100000,0x000000f598200000) (1024K)]
  0x0000024a2d5e9550 WorkerThread "GC Thread#6"                     [id=22648, stack(0x000000f598200000,0x000000f598300000) (1024K)]
  0x0000024a2d5e9e20 WorkerThread "GC Thread#7"                     [id=6684, stack(0x000000f598300000,0x000000f598400000) (1024K)]
  0x0000024a2d5ecd90 WorkerThread "GC Thread#8"                     [id=39748, stack(0x000000f598400000,0x000000f598500000) (1024K)]
  0x0000024a2d5eaf60 WorkerThread "GC Thread#9"                     [id=40872, stack(0x000000f598500000,0x000000f598600000) (1024K)]
  0x0000024a2d5ea270 WorkerThread "GC Thread#10"                    [id=37624, stack(0x000000f598600000,0x000000f598700000) (1024K)]
  0x0000024a2d5ec4f0 WorkerThread "GC Thread#11"                    [id=29512, stack(0x000000f598700000,0x000000f598800000) (1024K)]
  0x0000024a245f7d40 ConcurrentGCThread "G1 Main Marker"            [id=29608, stack(0x000000f596800000,0x000000f596900000) (1024K)]
  0x0000024a0717e5a0 WorkerThread "G1 Conc#0"                       [id=8464, stack(0x000000f596900000,0x000000f596a00000) (1024K)]
  0x0000024a246a9a10 ConcurrentGCThread "G1 Refine#0"               [id=41596, stack(0x000000f596a00000,0x000000f596b00000) (1024K)]
  0x0000024a246ac430 ConcurrentGCThread "G1 Service"                [id=26712, stack(0x000000f596b00000,0x000000f596c00000) (1024K)]
Total: 18

Threads with active compile tasks:
C2 CompilerThread0  470 1529   !   4       java.util.concurrent.ConcurrentHashMap::putVal (432 bytes)
C2 CompilerThread4  470 1439   !   4       java.util.zip.ZipFile$Source::initCEN (641 bytes)
Total: 2

VM state: not at safepoint (normal execution)

VM Mutex/Monitor currently owned by a thread: None

Heap address: 0x000000060d800000, size: 7976 MB, Compressed Oops mode: Zero based, Oop shift amount: 3

CDS archive(s) not mapped
Compressed class space mapped at: 0x000000009d000000-0x00000000dd000000, reserved size: 1073741824
UseCompressedClassPointers 1, UseCompactObjectHeaders 0
Narrow klass pointer bits 32, Max shift 3
Narrow klass base: 0x0000000000000000, Narrow klass shift: 0
Encoding Range: [0x0000000000000000 - 0x0000000100000000), (4294967296 bytes)
Klass Range:    [0x000000009d000000 - 0x00000000dd000000), (1073741824 bytes)
Klass ID Range:  [2634022912 - 3707764729) (1073741817)
No protection zone.

GC Precious Log:
 CardTable entry size: 512
 Card Set container configuration: InlinePtr #cards 4 size 8 Array Of Cards #cards 32 size 80 Howl #buckets 8 coarsen threshold 7372 Howl Bitmap #cards 1024 size 144 coarsen threshold 921 Card regions per heap region 1 cards per card region 8192
 CPUs: 32 total, 32 available
 Memory: 31892M
 Large Page Support: Disabled
 NUMA Support: Disabled
 Compressed Oops: Enabled (Zero based)
 Heap Region Size: 4M
 Heap Min Capacity: 8M
 Heap Initial Capacity: 500M
 Heap Max Capacity: 7976M
 Pre-touch: Disabled
 Parallel Workers: 23
 Concurrent Workers: 6
 Concurrent Refinement Workers: 23
 Periodic GC: Disabled

Heap:
 garbage-first heap   total reserved 8167424K, committed 512000K, used 18936K [0x000000060d800000, 0x0000000800000000)
  region size 4096K, 5 young (20480K), 2 survivors (8192K)

Heap Regions: E=young(eden), S=young(survivor), O=old, HS=humongous(starts), HC=humongous(continues), CS=collection set, F=free, TAMS=top-at-mark-start, PB=parsable bottom
|   0|0x000000060d800000, 0x000000060dc00000, 0x000000060dc00000|100%|HS|  |TAMS 0x000000060d800000| PB 0x000000060d800000| Complete |  0
|   1|0x000000060dc00000, 0x000000060dc00000, 0x000000060e000000|  0%| F|  |TAMS 0x000000060dc00000| PB 0x000000060dc00000| Untracked |  0
|   2|0x000000060e000000, 0x000000060e000000, 0x000000060e400000|  0%| F|  |TAMS 0x000000060e000000| PB 0x000000060e000000| Untracked |  0
|   3|0x000000060e400000, 0x000000060e400000, 0x000000060e800000|  0%| F|  |TAMS 0x000000060e400000| PB 0x000000060e400000| Untracked |  0
|   4|0x000000060e800000, 0x000000060e800000, 0x000000060ec00000|  0%| F|  |TAMS 0x000000060e800000| PB 0x000000060e800000| Untracked |  0
|   5|0x000000060ec00000, 0x000000060ec00000, 0x000000060f000000|  0%| F|  |TAMS 0x000000060ec00000| PB 0x000000060ec00000| Untracked |  0
|   6|0x000000060f000000, 0x000000060f000000, 0x000000060f400000|  0%| F|  |TAMS 0x000000060f000000| PB 0x000000060f000000| Untracked |  0
|   7|0x000000060f400000, 0x000000060f400000, 0x000000060f800000|  0%| F|  |TAMS 0x000000060f400000| PB 0x000000060f400000| Untracked |  0
|   8|0x000000060f800000, 0x000000060f800000, 0x000000060fc00000|  0%| F|  |TAMS 0x000000060f800000| PB 0x000000060f800000| Untracked |  0
|   9|0x000000060fc00000, 0x000000060fc00000, 0x0000000610000000|  0%| F|  |TAMS 0x000000060fc00000| PB 0x000000060fc00000| Untracked |  0
|  10|0x0000000610000000, 0x0000000610000000, 0x0000000610400000|  0%| F|  |TAMS 0x0000000610000000| PB 0x0000000610000000| Untracked |  0
|  11|0x0000000610400000, 0x0000000610400000, 0x0000000610800000|  0%| F|  |TAMS 0x0000000610400000| PB 0x0000000610400000| Untracked |  0
|  12|0x0000000610800000, 0x0000000610800000, 0x0000000610c00000|  0%| F|  |TAMS 0x0000000610800000| PB 0x0000000610800000| Untracked |  0
|  13|0x0000000610c00000, 0x0000000610c00000, 0x0000000611000000|  0%| F|  |TAMS 0x0000000610c00000| PB 0x0000000610c00000| Untracked |  0
|  14|0x0000000611000000, 0x0000000611000000, 0x0000000611400000|  0%| F|  |TAMS 0x0000000611000000| PB 0x0000000611000000| Untracked |  0
|  15|0x0000000611400000, 0x0000000611400000, 0x0000000611800000|  0%| F|  |TAMS 0x0000000611400000| PB 0x0000000611400000| Untracked |  0
|  16|0x0000000611800000, 0x0000000611800000, 0x0000000611c00000|  0%| F|  |TAMS 0x0000000611800000| PB 0x0000000611800000| Untracked |  0
|  17|0x0000000611c00000, 0x0000000611c00000, 0x0000000612000000|  0%| F|  |TAMS 0x0000000611c00000| PB 0x0000000611c00000| Untracked |  0
|  18|0x0000000612000000, 0x0000000612000000, 0x0000000612400000|  0%| F|  |TAMS 0x0000000612000000| PB 0x0000000612000000| Untracked |  0
|  19|0x0000000612400000, 0x0000000612400000, 0x0000000612800000|  0%| F|  |TAMS 0x0000000612400000| PB 0x0000000612400000| Untracked |  0
|  20|0x0000000612800000, 0x0000000612800000, 0x0000000612c00000|  0%| F|  |TAMS 0x0000000612800000| PB 0x0000000612800000| Untracked |  0
|  21|0x0000000612c00000, 0x0000000612c00000, 0x0000000613000000|  0%| F|  |TAMS 0x0000000612c00000| PB 0x0000000612c00000| Untracked |  0
|  22|0x0000000613000000, 0x0000000613000000, 0x0000000613400000|  0%| F|  |TAMS 0x0000000613000000| PB 0x0000000613000000| Untracked |  0
|  23|0x0000000613400000, 0x0000000613400000, 0x0000000613800000|  0%| F|  |TAMS 0x0000000613400000| PB 0x0000000613400000| Untracked |  0
|  24|0x0000000613800000, 0x0000000613800000, 0x0000000613c00000|  0%| F|  |TAMS 0x0000000613800000| PB 0x0000000613800000| Untracked |  0
|  25|0x0000000613c00000, 0x0000000613c00000, 0x0000000614000000|  0%| F|  |TAMS 0x0000000613c00000| PB 0x0000000613c00000| Untracked |  0
|  26|0x0000000614000000, 0x0000000614000000, 0x0000000614400000|  0%| F|  |TAMS 0x0000000614000000| PB 0x0000000614000000| Untracked |  0
|  27|0x0000000614400000, 0x0000000614400000, 0x0000000614800000|  0%| F|  |TAMS 0x0000000614400000| PB 0x0000000614400000| Untracked |  0
|  28|0x0000000614800000, 0x0000000614800000, 0x0000000614c00000|  0%| F|  |TAMS 0x0000000614800000| PB 0x0000000614800000| Untracked |  0
|  29|0x0000000614c00000, 0x0000000614c00000, 0x0000000615000000|  0%| F|  |TAMS 0x0000000614c00000| PB 0x0000000614c00000| Untracked |  0
|  30|0x0000000615000000, 0x0000000615000000, 0x0000000615400000|  0%| F|  |TAMS 0x0000000615000000| PB 0x0000000615000000| Untracked |  0
|  31|0x0000000615400000, 0x0000000615400000, 0x0000000615800000|  0%| F|  |TAMS 0x0000000615400000| PB 0x0000000615400000| Untracked |  0
|  32|0x0000000615800000, 0x0000000615800000, 0x0000000615c00000|  0%| F|  |TAMS 0x0000000615800000| PB 0x0000000615800000| Untracked |  0
|  33|0x0000000615c00000, 0x0000000615c00000, 0x0000000616000000|  0%| F|  |TAMS 0x0000000615c00000| PB 0x0000000615c00000| Untracked |  0
|  34|0x0000000616000000, 0x0000000616000000, 0x0000000616400000|  0%| F|  |TAMS 0x0000000616000000| PB 0x0000000616000000| Untracked |  0
|  35|0x0000000616400000, 0x0000000616400000, 0x0000000616800000|  0%| F|  |TAMS 0x0000000616400000| PB 0x0000000616400000| Untracked |  0
|  36|0x0000000616800000, 0x0000000616800000, 0x0000000616c00000|  0%| F|  |TAMS 0x0000000616800000| PB 0x0000000616800000| Untracked |  0
|  37|0x0000000616c00000, 0x0000000616c00000, 0x0000000617000000|  0%| F|  |TAMS 0x0000000616c00000| PB 0x0000000616c00000| Untracked |  0
|  38|0x0000000617000000, 0x0000000617000000, 0x0000000617400000|  0%| F|  |TAMS 0x0000000617000000| PB 0x0000000617000000| Untracked |  0
|  39|0x0000000617400000, 0x0000000617400000, 0x0000000617800000|  0%| F|  |TAMS 0x0000000617400000| PB 0x0000000617400000| Untracked |  0
|  40|0x0000000617800000, 0x0000000617800000, 0x0000000617c00000|  0%| F|  |TAMS 0x0000000617800000| PB 0x0000000617800000| Untracked |  0
|  41|0x0000000617c00000, 0x0000000617c00000, 0x0000000618000000|  0%| F|  |TAMS 0x0000000617c00000| PB 0x0000000617c00000| Untracked |  0
|  42|0x0000000618000000, 0x0000000618000000, 0x0000000618400000|  0%| F|  |TAMS 0x0000000618000000| PB 0x0000000618000000| Untracked |  0
|  43|0x0000000618400000, 0x0000000618400000, 0x0000000618800000|  0%| F|  |TAMS 0x0000000618400000| PB 0x0000000618400000| Untracked |  0
|  44|0x0000000618800000, 0x0000000618800000, 0x0000000618c00000|  0%| F|  |TAMS 0x0000000618800000| PB 0x0000000618800000| Untracked |  0
|  45|0x0000000618c00000, 0x0000000618c00000, 0x0000000619000000|  0%| F|  |TAMS 0x0000000618c00000| PB 0x0000000618c00000| Untracked |  0
|  46|0x0000000619000000, 0x0000000619000000, 0x0000000619400000|  0%| F|  |TAMS 0x0000000619000000| PB 0x0000000619000000| Untracked |  0
|  47|0x0000000619400000, 0x0000000619400000, 0x0000000619800000|  0%| F|  |TAMS 0x0000000619400000| PB 0x0000000619400000| Untracked |  0
|  48|0x0000000619800000, 0x0000000619800000, 0x0000000619c00000|  0%| F|  |TAMS 0x0000000619800000| PB 0x0000000619800000| Untracked |  0
|  49|0x0000000619c00000, 0x0000000619c00000, 0x000000061a000000|  0%| F|  |TAMS 0x0000000619c00000| PB 0x0000000619c00000| Untracked |  0
|  50|0x000000061a000000, 0x000000061a000000, 0x000000061a400000|  0%| F|  |TAMS 0x000000061a000000| PB 0x000000061a000000| Untracked |  0
|  51|0x000000061a400000, 0x000000061a400000, 0x000000061a800000|  0%| F|  |TAMS 0x000000061a400000| PB 0x000000061a400000| Untracked |  0
|  52|0x000000061a800000, 0x000000061a800000, 0x000000061ac00000|  0%| F|  |TAMS 0x000000061a800000| PB 0x000000061a800000| Untracked |  0
|  53|0x000000061ac00000, 0x000000061ac00000, 0x000000061b000000|  0%| F|  |TAMS 0x000000061ac00000| PB 0x000000061ac00000| Untracked |  0
|  54|0x000000061b000000, 0x000000061b000000, 0x000000061b400000|  0%| F|  |TAMS 0x000000061b000000| PB 0x000000061b000000| Untracked |  0
|  55|0x000000061b400000, 0x000000061b400000, 0x000000061b800000|  0%| F|  |TAMS 0x000000061b400000| PB 0x000000061b400000| Untracked |  0
|  56|0x000000061b800000, 0x000000061b800000, 0x000000061bc00000|  0%| F|  |TAMS 0x000000061b800000| PB 0x000000061b800000| Untracked |  0
|  57|0x000000061bc00000, 0x000000061bc00000, 0x000000061c000000|  0%| F|  |TAMS 0x000000061bc00000| PB 0x000000061bc00000| Untracked |  0
|  58|0x000000061c000000, 0x000000061c000000, 0x000000061c400000|  0%| F|  |TAMS 0x000000061c000000| PB 0x000000061c000000| Untracked |  0
|  59|0x000000061c400000, 0x000000061c400000, 0x000000061c800000|  0%| F|  |TAMS 0x000000061c400000| PB 0x000000061c400000| Untracked |  0
|  60|0x000000061c800000, 0x000000061c800000, 0x000000061cc00000|  0%| F|  |TAMS 0x000000061c800000| PB 0x000000061c800000| Untracked |  0
|  61|0x000000061cc00000, 0x000000061cc00000, 0x000000061d000000|  0%| F|  |TAMS 0x000000061cc00000| PB 0x000000061cc00000| Untracked |  0
|  62|0x000000061d000000, 0x000000061d000000, 0x000000061d400000|  0%| F|  |TAMS 0x000000061d000000| PB 0x000000061d000000| Untracked |  0
|  63|0x000000061d400000, 0x000000061d400000, 0x000000061d800000|  0%| F|  |TAMS 0x000000061d400000| PB 0x000000061d400000| Untracked |  0
|  64|0x000000061d800000, 0x000000061d800000, 0x000000061dc00000|  0%| F|  |TAMS 0x000000061d800000| PB 0x000000061d800000| Untracked |  0
|  65|0x000000061dc00000, 0x000000061dc00000, 0x000000061e000000|  0%| F|  |TAMS 0x000000061dc00000| PB 0x000000061dc00000| Untracked |  0
|  66|0x000000061e000000, 0x000000061e000000, 0x000000061e400000|  0%| F|  |TAMS 0x000000061e000000| PB 0x000000061e000000| Untracked |  0
|  67|0x000000061e400000, 0x000000061e400000, 0x000000061e800000|  0%| F|  |TAMS 0x000000061e400000| PB 0x000000061e400000| Untracked |  0
|  68|0x000000061e800000, 0x000000061e800000, 0x000000061ec00000|  0%| F|  |TAMS 0x000000061e800000| PB 0x000000061e800000| Untracked |  0
|  69|0x000000061ec00000, 0x000000061ec00000, 0x000000061f000000|  0%| F|  |TAMS 0x000000061ec00000| PB 0x000000061ec00000| Untracked |  0
|  70|0x000000061f000000, 0x000000061f000000, 0x000000061f400000|  0%| F|  |TAMS 0x000000061f000000| PB 0x000000061f000000| Untracked |  0
|  71|0x000000061f400000, 0x000000061f400000, 0x000000061f800000|  0%| F|  |TAMS 0x000000061f400000| PB 0x000000061f400000| Untracked |  0
|  72|0x000000061f800000, 0x000000061f800000, 0x000000061fc00000|  0%| F|  |TAMS 0x000000061f800000| PB 0x000000061f800000| Untracked |  0
|  73|0x000000061fc00000, 0x000000061fc00000, 0x0000000620000000|  0%| F|  |TAMS 0x000000061fc00000| PB 0x000000061fc00000| Untracked |  0
|  74|0x0000000620000000, 0x0000000620000000, 0x0000000620400000|  0%| F|  |TAMS 0x0000000620000000| PB 0x0000000620000000| Untracked |  0
|  75|0x0000000620400000, 0x0000000620400000, 0x0000000620800000|  0%| F|  |TAMS 0x0000000620400000| PB 0x0000000620400000| Untracked |  0
|  76|0x0000000620800000, 0x0000000620800000, 0x0000000620c00000|  0%| F|  |TAMS 0x0000000620800000| PB 0x0000000620800000| Untracked |  0
|  77|0x0000000620c00000, 0x0000000620c00000, 0x0000000621000000|  0%| F|  |TAMS 0x0000000620c00000| PB 0x0000000620c00000| Untracked |  0
|  78|0x0000000621000000, 0x0000000621000000, 0x0000000621400000|  0%| F|  |TAMS 0x0000000621000000| PB 0x0000000621000000| Untracked |  0
|  79|0x0000000621400000, 0x0000000621400000, 0x0000000621800000|  0%| F|  |TAMS 0x0000000621400000| PB 0x0000000621400000| Untracked |  0
|  80|0x0000000621800000, 0x0000000621800000, 0x0000000621c00000|  0%| F|  |TAMS 0x0000000621800000| PB 0x0000000621800000| Untracked |  0
|  81|0x0000000621c00000, 0x0000000621c00000, 0x0000000622000000|  0%| F|  |TAMS 0x0000000621c00000| PB 0x0000000621c00000| Untracked |  0
|  82|0x0000000622000000, 0x0000000622000000, 0x0000000622400000|  0%| F|  |TAMS 0x0000000622000000| PB 0x0000000622000000| Untracked |  0
|  83|0x0000000622400000, 0x0000000622400000, 0x0000000622800000|  0%| F|  |TAMS 0x0000000622400000| PB 0x0000000622400000| Untracked |  0
|  84|0x0000000622800000, 0x0000000622800000, 0x0000000622c00000|  0%| F|  |TAMS 0x0000000622800000| PB 0x0000000622800000| Untracked |  0
|  85|0x0000000622c00000, 0x0000000622c00000, 0x0000000623000000|  0%| F|  |TAMS 0x0000000622c00000| PB 0x0000000622c00000| Untracked |  0
|  86|0x0000000623000000, 0x0000000623000000, 0x0000000623400000|  0%| F|  |TAMS 0x0000000623000000| PB 0x0000000623000000| Untracked |  0
|  87|0x0000000623400000, 0x0000000623400000, 0x0000000623800000|  0%| F|  |TAMS 0x0000000623400000| PB 0x0000000623400000| Untracked |  0
|  88|0x0000000623800000, 0x0000000623800000, 0x0000000623c00000|  0%| F|  |TAMS 0x0000000623800000| PB 0x0000000623800000| Untracked |  0
|  89|0x0000000623c00000, 0x0000000623c00000, 0x0000000624000000|  0%| F|  |TAMS 0x0000000623c00000| PB 0x0000000623c00000| Untracked |  0
|  90|0x0000000624000000, 0x0000000624000000, 0x0000000624400000|  0%| F|  |TAMS 0x0000000624000000| PB 0x0000000624000000| Untracked |  0
|  91|0x0000000624400000, 0x0000000624400000, 0x0000000624800000|  0%| F|  |TAMS 0x0000000624400000| PB 0x0000000624400000| Untracked |  0
|  92|0x0000000624800000, 0x0000000624800000, 0x0000000624c00000|  0%| F|  |TAMS 0x0000000624800000| PB 0x0000000624800000| Untracked |  0
|  93|0x0000000624c00000, 0x0000000624c00000, 0x0000000625000000|  0%| F|  |TAMS 0x0000000624c00000| PB 0x0000000624c00000| Untracked |  0
|  94|0x0000000625000000, 0x0000000625000000, 0x0000000625400000|  0%| F|  |TAMS 0x0000000625000000| PB 0x0000000625000000| Untracked |  0
|  95|0x0000000625400000, 0x0000000625400000, 0x0000000625800000|  0%| F|  |TAMS 0x0000000625400000| PB 0x0000000625400000| Untracked |  0
|  96|0x0000000625800000, 0x0000000625800000, 0x0000000625c00000|  0%| F|  |TAMS 0x0000000625800000| PB 0x0000000625800000| Untracked |  0
|  97|0x0000000625c00000, 0x0000000625c00000, 0x0000000626000000|  0%| F|  |TAMS 0x0000000625c00000| PB 0x0000000625c00000| Untracked |  0
|  98|0x0000000626000000, 0x0000000626000000, 0x0000000626400000|  0%| F|  |TAMS 0x0000000626000000| PB 0x0000000626000000| Untracked |  0
|  99|0x0000000626400000, 0x0000000626400000, 0x0000000626800000|  0%| F|  |TAMS 0x0000000626400000| PB 0x0000000626400000| Untracked |  0
| 100|0x0000000626800000, 0x0000000626800000, 0x0000000626c00000|  0%| F|  |TAMS 0x0000000626800000| PB 0x0000000626800000| Untracked |  0
| 101|0x0000000626c00000, 0x0000000626c00000, 0x0000000627000000|  0%| F|  |TAMS 0x0000000626c00000| PB 0x0000000626c00000| Untracked |  0
| 102|0x0000000627000000, 0x0000000627000000, 0x0000000627400000|  0%| F|  |TAMS 0x0000000627000000| PB 0x0000000627000000| Untracked |  0
| 103|0x0000000627400000, 0x0000000627400000, 0x0000000627800000|  0%| F|  |TAMS 0x0000000627400000| PB 0x0000000627400000| Untracked |  0
| 104|0x0000000627800000, 0x0000000627800000, 0x0000000627c00000|  0%| F|  |TAMS 0x0000000627800000| PB 0x0000000627800000| Untracked |  0
| 105|0x0000000627c00000, 0x0000000627c00000, 0x0000000628000000|  0%| F|  |TAMS 0x0000000627c00000| PB 0x0000000627c00000| Untracked |  0
| 106|0x0000000628000000, 0x0000000628000000, 0x0000000628400000|  0%| F|  |TAMS 0x0000000628000000| PB 0x0000000628000000| Untracked |  0
| 107|0x0000000628400000, 0x0000000628400000, 0x0000000628800000|  0%| F|  |TAMS 0x0000000628400000| PB 0x0000000628400000| Untracked |  0
| 108|0x0000000628800000, 0x0000000628800000, 0x0000000628c00000|  0%| F|  |TAMS 0x0000000628800000| PB 0x0000000628800000| Untracked |  0
| 109|0x0000000628c00000, 0x0000000628c00000, 0x0000000629000000|  0%| F|  |TAMS 0x0000000628c00000| PB 0x0000000628c00000| Untracked |  0
| 110|0x0000000629000000, 0x0000000629000000, 0x0000000629400000|  0%| F|  |TAMS 0x0000000629000000| PB 0x0000000629000000| Untracked |  0
| 111|0x0000000629400000, 0x000000062967e0c0, 0x0000000629800000| 62%| S|CS|TAMS 0x0000000629400000| PB 0x0000000629400000| Complete |  0
| 112|0x0000000629800000, 0x0000000629c00000, 0x0000000629c00000|100%| S|CS|TAMS 0x0000000629800000| PB 0x0000000629800000| Complete |  0
| 113|0x0000000629c00000, 0x0000000629c00000, 0x000000062a000000|  0%| F|  |TAMS 0x0000000629c00000| PB 0x0000000629c00000| Untracked |  0
| 114|0x000000062a000000, 0x000000062a000000, 0x000000062a400000|  0%| F|  |TAMS 0x000000062a000000| PB 0x000000062a000000| Untracked |  0
| 115|0x000000062a400000, 0x000000062a400000, 0x000000062a800000|  0%| F|  |TAMS 0x000000062a400000| PB 0x000000062a400000| Untracked |  0
| 116|0x000000062a800000, 0x000000062a800000, 0x000000062ac00000|  0%| F|  |TAMS 0x000000062a800000| PB 0x000000062a800000| Untracked |  0
| 117|0x000000062ac00000, 0x000000062ac00000, 0x000000062b000000|  0%| F|  |TAMS 0x000000062ac00000| PB 0x000000062ac00000| Untracked |  0
| 118|0x000000062b000000, 0x000000062b000000, 0x000000062b400000|  0%| F|  |TAMS 0x000000062b000000| PB 0x000000062b000000| Untracked |  0
| 119|0x000000062b400000, 0x000000062b400000, 0x000000062b800000|  0%| F|  |TAMS 0x000000062b400000| PB 0x000000062b400000| Untracked |  0
| 120|0x000000062b800000, 0x000000062b800000, 0x000000062bc00000|  0%| F|  |TAMS 0x000000062b800000| PB 0x000000062b800000| Untracked |  0
| 121|0x000000062bc00000, 0x000000062bc00000, 0x000000062c000000|  0%| F|  |TAMS 0x000000062bc00000| PB 0x000000062bc00000| Untracked |  0
| 122|0x000000062c000000, 0x000000062c3325d8, 0x000000062c400000| 79%| E|  |TAMS 0x000000062c000000| PB 0x000000062c000000| Complete |  0
| 123|0x000000062c400000, 0x000000062c800000, 0x000000062c800000|100%| E|CS|TAMS 0x000000062c400000| PB 0x000000062c400000| Complete |  0
| 124|0x000000062c800000, 0x000000062cc00000, 0x000000062cc00000|100%| E|CS|TAMS 0x000000062c800000| PB 0x000000062c800000| Complete |  0

Card table byte_map: [0x0000024a1b870000,0x0000024a1c810000] _byte_map_base: 0x0000024a18804000

Marking Bits: (CMBitMap*) 0x0000024a0716c7c0
 Bits: [0x0000024a1c810000, 0x0000024a244b0000)

Polling page: 0x0000024a052c0000

Metaspace:
Metaspace        used 13328K, committed 13440K, reserved 1114112K
 class space     used 1477K, committed 1536K, reserved 1048576K

Usage:
  Non-class:     11.57 MB used.
      Class:      1.44 MB used.
       Both:     13.02 MB used.

Virtual space:
  Non-class space:       64.00 MB reserved,      11.62 MB ( 18%) committed,  1 nodes.
      Class space:        1.00 GB reserved,       1.50 MB ( <1%) committed,  1 nodes.
             Both:        1.06 GB reserved,      13.12 MB (  1%) committed. 

Chunk freelists:
   Non-Class:  3.94 MB
       Class:  14.47 MB
        Both:  18.41 MB

MaxMetaspaceSize: unlimited
CompressedClassSpaceSize: 1.00 GB
Initial GC threshold: 21.00 MB
Current GC threshold: 21.00 MB
CDS: off
 - commit_granule_bytes: 65536.
 - commit_granule_words: 8192.
 - virtual_space_node_default_size: 8388608.
 - enlarge_chunks_in_place: 1.
UseCompressedClassPointers 1, UseCompactObjectHeaders 0
Narrow klass pointer bits 32, Max shift 3
Narrow klass base: 0x0000000000000000, Narrow klass shift: 0
Encoding Range: [0x0000000000000000 - 0x0000000100000000), (4294967296 bytes)
Klass Range:    [0x000000009d000000 - 0x00000000dd000000), (1073741824 bytes)
Klass ID Range:  [2634022912 - 3707764729) (1073741817)
No protection zone.


Internal statistics:

num_allocs_failed_limit: 0.
num_arena_births: 38.
num_arena_deaths: 0.
num_vsnodes_births: 2.
num_vsnodes_deaths: 0.
num_space_committed: 210.
num_space_uncommitted: 0.
num_chunks_returned_to_freelist: 0.
num_chunks_taken_from_freelist: 162.
num_chunk_merges: 0.
num_chunk_splits: 105.
num_chunks_enlarged: 88.
num_inconsistent_stats: 0.

CodeHeap 'non-profiled nmethods': size=118912Kb used=502Kb max_used=502Kb free=118409Kb
 bounds [0x0000024a12190000, 0x0000024a12400000, 0x0000024a195b0000]
CodeHeap 'profiled nmethods': size=118848Kb used=2209Kb max_used=2209Kb free=116638Kb
 bounds [0x0000024a0a5b0000, 0x0000024a0a820000, 0x0000024a119c0000]
CodeHeap 'non-nmethods': size=8000Kb used=3660Kb max_used=3687Kb free=4339Kb
 bounds [0x0000024a119c0000, 0x0000024a11d70000, 0x0000024a12190000]
CodeCache: size=245760Kb, used=6371Kb, max_used=6398Kb, free=239386Kb
 total_blobs=1983, nmethods=1530, adapters=353, full_count=0
Compilation: enabled, stopped_count=0, restarted_count=0

Compilation events (20 events):
Event: 0.435 Thread 0x0000024a28544220 1448       3       java.util.HashMap::containsKey (14 bytes)
Event: 0.435 Thread 0x0000024a28544a30 1449       3       java.util.regex.ASCII::isType (15 bytes)
Event: 0.435 Thread 0x0000024a282207d0 1450       3       java.util.regex.ASCII::getType (17 bytes)
Event: 0.435 Thread 0x0000024a28544a30 nmethod 1449 0x0000024a0a7b6788 code [0x0000024a0a7b6880, 0x0000024a0a7b6a88]
Event: 0.435 Thread 0x0000024a28544220 nmethod 1448 0x0000024a0a7b6b08 code [0x0000024a0a7b6c00, 0x0000024a0a7b6df8]
Event: 0.435 Thread 0x0000024a282207d0 nmethod 1450 0x0000024a0a7b6e08 code [0x0000024a0a7b6f00, 0x0000024a0a7b7080]
Event: 0.436 Thread 0x0000024a285492c0 1451       3       java.lang.invoke.DirectMethodHandle::allocateInstance (16 bytes)
Event: 0.436 Thread 0x0000024a282207d0 1452       3       java.lang.invoke.DirectMethodHandle::constructorMethod (10 bytes)
Event: 0.436 Thread 0x0000024a282207d0 nmethod 1452 0x0000024a0a7b7108 code [0x0000024a0a7b7200, 0x0000024a0a7b73b0]
Event: 0.436 Thread 0x0000024a285492c0 nmethod 1451 0x0000024a0a7b7408 code [0x0000024a0a7b7500, 0x0000024a0a7b7758]
Event: 0.436 Thread 0x0000024a282f99a0 1453       3       java.util.regex.Pattern::curly (66 bytes)
Event: 0.436 Thread 0x0000024a285492c0 1454       3       java.util.regex.Pattern::qtype (39 bytes)
Event: 0.436 Thread 0x0000024a285492c0 nmethod 1454 0x0000024a0a7b7788 code [0x0000024a0a7b7880, 0x0000024a0a7b7ad8]
Event: 0.436 Thread 0x0000024a28544220 1455       3       java.util.regex.Pattern$CharPropertyGreedy::match (160 bytes)
Event: 0.436 Thread 0x0000024a282207d0 1456       3       java.util.regex.Pattern::newCharProperty (39 bytes)
Event: 0.436 Thread 0x0000024a282f99a0 nmethod 1453 0x0000024a0a7b7b08 code [0x0000024a0a7b7c00, 0x0000024a0a7b86d0]
Event: 0.436 Thread 0x0000024a282f99a0 1458       3       java.util.regex.Pattern::sequence (647 bytes)
Event: 0.436 Thread 0x0000024a28544a30 1457       3       java.util.regex.Pattern::expr (142 bytes)
Event: 0.436 Thread 0x0000024a282207d0 nmethod 1456 0x0000024a0a7b8708 code [0x0000024a0a7b8800, 0x0000024a0a7b9050]
Event: 0.436 Thread 0x0000024a28544220 nmethod 1455 0x0000024a0a7b9088 code [0x0000024a0a7b9180, 0x0000024a0a7b9ab8]

GC Heap Usage History (2 events):
Event: 0.357 {heap Before GC invocations=0 (full 0):
 garbage-first heap   total reserved 8167424K, committed 512000K, used 53248K [0x000000060d800000, 0x0000000800000000)
  region size 4096K, 12 young (49152K), 0 survivors (0K)
}
Event: 0.359 {heap After GC invocations=1 (full 0):
 garbage-first heap   total reserved 8167424K, committed 512000K, used 10744K [0x000000060d800000, 0x0000000800000000)
  region size 4096K, 2 young (8192K), 2 survivors (8192K)
}

Metaspace Usage History (2 events):
Event: 0.357 {metaspace Before GC invocations=0 (full 0):
 Metaspace       used 9702K, committed 9856K, reserved 1114112K
  class space    used 908K, committed 1024K, reserved 1048576K
}
Event: 0.359 {metaspace After GC invocations=1 (full 0):
 Metaspace       used 9702K, committed 9856K, reserved 1114112K
  class space    used 908K, committed 1024K, reserved 1048576K
}

Dll operation events (3 events):
Event: 0.005 Loaded shared library C:\Program Files\Android\Android Studio\jbr\bin\java.dll
Event: 0.008 Loaded shared library C:\Program Files\Android\Android Studio\jbr\bin\zip.dll
Event: 0.051 Loaded shared library C:\Program Files\Android\Android Studio\jbr\bin\verify.dll

Deoptimization events (20 events):
Event: 0.394 Thread 0x0000024a04b65bd0 DEOPT PACKING pc=0x0000024a121c8e84 sp=0x000000f5966fd880
Event: 0.394 Thread 0x0000024a04b65bd0 DEOPT UNPACKING pc=0x0000024a11ae7e02 sp=0x000000f5966fd818 mode 2
Event: 0.394 Thread 0x0000024a04b65bd0 Uncommon trap: trap_request=0xffffff45 fr.pc=0x0000024a121b72a4 relative=0x00000000000005a4
Event: 0.394 Thread 0x0000024a04b65bd0 Uncommon trap: reason=unstable_if action=reinterpret pc=0x0000024a121b72a4 method=java.lang.StringLatin1.newString([BII)Ljava/lang/String; @ 1 c2
Event: 0.394 Thread 0x0000024a04b65bd0 DEOPT PACKING pc=0x0000024a121b72a4 sp=0x000000f5966fd910
Event: 0.394 Thread 0x0000024a04b65bd0 DEOPT UNPACKING pc=0x0000024a11ae7e02 sp=0x000000f5966fd870 mode 2
Event: 0.428 Thread 0x0000024a04b65bd0 DEOPT PACKING pc=0x0000024a0a6f367c sp=0x000000f5966fd950
Event: 0.428 Thread 0x0000024a04b65bd0 DEOPT UNPACKING pc=0x0000024a11a112a2 sp=0x000000f5966fcef8 mode 0
Event: 0.435 Thread 0x0000024a04b65bd0 Uncommon trap: trap_request=0xffffff45 fr.pc=0x0000024a121bcb50 relative=0x00000000000008d0
Event: 0.435 Thread 0x0000024a04b65bd0 Uncommon trap: reason=unstable_if action=reinterpret pc=0x0000024a121bcb50 method=sun.nio.fs.WindowsPathParser.parse(Ljava/lang/String;Z)Lsun/nio/fs/WindowsPathParser$Result; @ 84 c2
Event: 0.435 Thread 0x0000024a04b65bd0 DEOPT PACKING pc=0x0000024a121bcb50 sp=0x000000f5966fe1f0
Event: 0.435 Thread 0x0000024a04b65bd0 DEOPT UNPACKING pc=0x0000024a11ae7e02 sp=0x000000f5966fe178 mode 2
Event: 0.435 Thread 0x0000024a04b65bd0 Uncommon trap: trap_request=0xffffff45 fr.pc=0x0000024a121b06e0 relative=0x00000000000012e0
Event: 0.435 Thread 0x0000024a04b65bd0 Uncommon trap: reason=unstable_if action=reinterpret pc=0x0000024a121b06e0 method=sun.nio.fs.WindowsPathParser.nextNonSlash([CII)I @ 2 c2
Event: 0.435 Thread 0x0000024a04b65bd0 DEOPT PACKING pc=0x0000024a121b06e0 sp=0x000000f5966fe0f0
Event: 0.435 Thread 0x0000024a04b65bd0 DEOPT UNPACKING pc=0x0000024a11ae7e02 sp=0x000000f5966fe038 mode 2
Event: 0.435 Thread 0x0000024a04b65bd0 Uncommon trap: trap_request=0xffffff45 fr.pc=0x0000024a121ce234 relative=0x0000000000000634
Event: 0.435 Thread 0x0000024a04b65bd0 Uncommon trap: reason=unstable_if action=reinterpret pc=0x0000024a121ce234 method=java.util.regex.Matcher.reset()Ljava/util/regex/Matcher; @ 47 c2
Event: 0.435 Thread 0x0000024a04b65bd0 DEOPT PACKING pc=0x0000024a121ce234 sp=0x000000f5966fe520
Event: 0.435 Thread 0x0000024a04b65bd0 DEOPT UNPACKING pc=0x0000024a11ae7e02 sp=0x000000f5966fe408 mode 2

Classes loaded (20 events):
Event: 0.398 Loading class jdk/internal/logger/BootstrapLogger$RedirectedLoggers
Event: 0.398 Loading class jdk/internal/logger/BootstrapLogger$RedirectedLoggers done
Event: 0.398 Loading class jdk/internal/logger/BootstrapLogger$BootstrapExecutors
Event: 0.398 Loading class jdk/internal/logger/BootstrapLogger$BootstrapExecutors done
Event: 0.398 Loading class java/util/logging/Logger$SystemLoggerHelper
Event: 0.398 Loading class java/util/logging/Logger$SystemLoggerHelper done
Event: 0.404 Loading class java/io/StringWriter
Event: 0.404 Loading class java/io/StringWriter done
Event: 0.407 Loading class java/lang/Character$UnicodeBlock
Event: 0.407 Loading class java/lang/Character$Subset
Event: 0.407 Loading class java/lang/Character$Subset done
Event: 0.408 Loading class java/lang/Character$UnicodeBlock done
Event: 0.411 Loading class java/io/InvalidObjectException
Event: 0.411 Loading class java/io/ObjectStreamException
Event: 0.411 Loading class java/io/ObjectStreamException done
Event: 0.411 Loading class java/io/InvalidObjectException done
Event: 0.425 Loading class java/lang/NumberFormatException
Event: 0.425 Loading class java/lang/NumberFormatException done
Event: 0.428 Loading class java/util/Collections$UnmodifiableSet
Event: 0.428 Loading class java/util/Collections$UnmodifiableSet done

Classes unloaded (0 events):
No events

Classes redefined (0 events):
No events

Internal exceptions (4 events):
Event: 0.071 Thread 0x0000024a04b65bd0 Exception <a 'sun/nio/fs/WindowsException'{0x000000062c43a920}> (0x000000062c43a920) 
thrown [s\src\hotspot\share\prims\jni.cpp, line 535]
Event: 0.108 Thread 0x0000024a04b65bd0 Exception <a 'java/lang/NoSuchMethodError'{0x000000062c572288}: 'void java.lang.invoke.DirectMethodHandle$Holder.invokeSpecial(java.lang.Object, java.lang.Object, java.lang.Object)'> (0x000000062c572288) 
thrown [s\src\hotspot\share\interpreter\linkResolver.cpp, line 815]
Event: 0.331 Thread 0x0000024a04b65bd0 Exception <a 'sun/nio/fs/WindowsException'{0x0000000629e56568}> (0x0000000629e56568) 
thrown [s\src\hotspot\share\prims\jni.cpp, line 535]
Event: 0.387 Thread 0x0000024a04b65bd0 Exception <a 'java/lang/NoSuchMethodError'{0x000000062cad3630}: 'java.lang.Object java.lang.invoke.DirectMethodHandle$Holder.invokeVirtual(java.lang.Object, java.lang.Object, java.lang.Object)'> (0x000000062cad3630) 
thrown [s\src\hotspot\share\interpreter\linkResolver.cpp, line 815]

VM Operations (8 events):
Event: 0.050 Executing non-safepoint VM operation: HandshakeAllThreads (Deoptimize)
Event: 0.050 Executing non-safepoint VM operation: HandshakeAllThreads (Deoptimize) done
Event: 0.357 Executing safepoint VM operation: G1CollectForAllocation (G1 Evacuation Pause)
Event: 0.359 Executing safepoint VM operation: G1CollectForAllocation (G1 Evacuation Pause) done
Event: 0.370 Executing non-safepoint VM operation: HandshakeAllThreads (Deoptimize)
Event: 0.370 Executing non-safepoint VM operation: HandshakeAllThreads (Deoptimize) done
Event: 0.389 Executing non-safepoint VM operation: HandshakeAllThreads (Deoptimize)
Event: 0.389 Executing non-safepoint VM operation: HandshakeAllThreads (Deoptimize) done

Memory protections (0 events):
No events

Nmethod flushes (0 events):
No events

Events (20 events):
Event: 0.027 Thread 0x0000024a04b65bd0 Thread added: 0x0000024a281f2db0
Event: 0.028 Thread 0x0000024a04b65bd0 Thread added: 0x0000024a281f3bc0
Event: 0.028 Thread 0x0000024a04b65bd0 Thread added: 0x0000024a281f4d90
Event: 0.028 Thread 0x0000024a04b65bd0 Thread added: 0x0000024a28206200
Event: 0.028 Thread 0x0000024a04b65bd0 Thread added: 0x0000024a28207530
Event: 0.028 Thread 0x0000024a04b65bd0 Thread added: 0x0000024a282178b0
Event: 0.028 Thread 0x0000024a04b65bd0 Thread added: 0x0000024a282207d0
Event: 0.037 Thread 0x0000024a282207d0 Thread added: 0x0000024a282f99a0
Event: 0.039 Thread 0x0000024a04b65bd0 Thread added: 0x0000024a283c2960
Event: 0.044 Loaded shared library C:\Program Files\Android\Android Studio\jbr\bin\net.dll
Event: 0.045 Loaded shared library C:\Program Files\Android\Android Studio\jbr\bin\nio.dll
Event: 0.049 Loaded shared library C:\Program Files\Android\Android Studio\jbr\bin\zip.dll
Event: 0.079 Loaded shared library C:\Program Files\Android\Android Studio\jbr\bin\jimage.dll
Event: 0.126 Thread 0x0000024a282207d0 Thread added: 0x0000024a288d6c40
Event: 0.255 Thread 0x0000024a282207d0 Thread added: 0x0000024a28bafde0
Event: 0.258 Thread 0x0000024a288d6c40 Thread added: 0x0000024a28acdd50
Event: 0.258 Thread 0x0000024a288d6c40 Thread added: 0x0000024a28ace560
Event: 0.425 Thread 0x0000024a282207d0 Thread added: 0x0000024a28544a30
Event: 0.425 Thread 0x0000024a282207d0 Thread added: 0x0000024a28544220
Event: 0.425 Thread 0x0000024a282207d0 Thread added: 0x0000024a285492c0


Dynamic libraries:
0x00007ff6e6770000 - 0x00007ff6e677a000 	C:\Program Files\Android\Android Studio\jbr\bin\java.exe
0x00007ff81d880000 - 0x00007ff81dae6000 	C:\WINDOWS\SYSTEM32\ntdll.dll
0x00007ff81bf20000 - 0x00007ff81bfe9000 	C:\WINDOWS\System32\KERNEL32.DLL
0x00007ff81acd0000 - 0x00007ff81b0cf000 	C:\WINDOWS\System32\KERNELBASE.dll
0x00007ff81ab70000 - 0x00007ff81acbc000 	C:\WINDOWS\System32\ucrtbase.dll
0x00007ff8025c0000 - 0x00007ff8025db000 	C:\Program Files\Android\Android Studio\jbr\bin\VCRUNTIME140.dll
0x00007fffa8ed0000 - 0x00007fffa8ee6000 	C:\Program Files\Android\Android Studio\jbr\bin\jli.dll
0x00007ff81bb30000 - 0x00007ff81bcf6000 	C:\WINDOWS\System32\USER32.dll
0x00007ff81aa90000 - 0x00007ff81aab7000 	C:\WINDOWS\System32\win32u.dll
0x00007ffffd100000 - 0x00007ffffd391000 	C:\WINDOWS\WinSxS\amd64_microsoft.windows.common-controls_6595b64144ccf1df_6.0.26100.8972_none_3e0da176e32f9d4b\COMCTL32.dll
0x00007ff81c530000 - 0x00007ff81c55b000 	C:\WINDOWS\System32\GDI32.dll
0x00007ff81b6b0000 - 0x00007ff81b759000 	C:\WINDOWS\System32\msvcrt.dll
0x00007ff81b3c0000 - 0x00007ff81b4e9000 	C:\WINDOWS\System32\gdi32full.dll
0x00007ff81aac0000 - 0x00007ff81ab63000 	C:\WINDOWS\System32\msvcp_win.dll
0x00007ff81c720000 - 0x00007ff81c752000 	C:\WINDOWS\System32\IMM32.DLL
0x00007ff8024d0000 - 0x00007ff8024dc000 	C:\Program Files\Android\Android Studio\jbr\bin\vcruntime140_1.dll
0x00007fff838c0000 - 0x00007fff8394d000 	C:\Program Files\Android\Android Studio\jbr\bin\msvcp140.dll
0x00007ffefde70000 - 0x00007ffefed4a000 	C:\Program Files\Android\Android Studio\jbr\bin\server\jvm.dll
0x00007ff81c000000 - 0x00007ff81c0bc000 	C:\WINDOWS\System32\ADVAPI32.dll
0x00007ff81be70000 - 0x00007ff81bf19000 	C:\WINDOWS\System32\sechost.dll
0x00007ff81c2a0000 - 0x00007ff81c3b8000 	C:\WINDOWS\System32\RPCRT4.dll
0x00007ff81c3c0000 - 0x00007ff81c442000 	C:\WINDOWS\System32\WS2_32.dll
0x00007ff81a730000 - 0x00007ff81a78e000 	C:\WINDOWS\SYSTEM32\POWRPROF.dll
0x00007ff8132b0000 - 0x00007ff8132bb000 	C:\WINDOWS\SYSTEM32\VERSION.dll
0x00007ff80ac90000 - 0x00007ff80acc6000 	C:\WINDOWS\SYSTEM32\WINMM.dll
0x00007ff81a710000 - 0x00007ff81a725000 	C:\WINDOWS\SYSTEM32\UMPDC.dll
0x00007ff819740000 - 0x00007ff81975b000 	C:\WINDOWS\SYSTEM32\kernel.appcore.dll
0x00007ff801dc0000 - 0x00007ff801dca000 	C:\Program Files\Android\Android Studio\jbr\bin\jimage.dll
0x00007ff80c6f0000 - 0x00007ff80c932000 	C:\WINDOWS\SYSTEM32\DBGHELP.DLL
0x00007ff81b7a0000 - 0x00007ff81bb25000 	C:\WINDOWS\System32\combase.dll
0x00007ff81c450000 - 0x00007ff81c529000 	C:\WINDOWS\System32\OLEAUT32.dll
0x00007ffff0840000 - 0x00007ffff087b000 	C:\WINDOWS\SYSTEM32\dbgcore.DLL
0x00007ff81b4f0000 - 0x00007ff81b59c000 	C:\WINDOWS\System32\bcryptPrimitives.dll
0x00007fffec360000 - 0x00007fffec37f000 	C:\Program Files\Android\Android Studio\jbr\bin\java.dll
0x00007ff81c560000 - 0x00007ff81c6f9000 	C:\WINDOWS\System32\ole32.dll
0x00007ff81c940000 - 0x00007ff81d0c8000 	C:\WINDOWS\System32\SHELL32.dll
0x00007fffe14a0000 - 0x00007fffe14b7000 	C:\Program Files\Android\Android Studio\jbr\bin\zip.dll
0x00007ff818520000 - 0x00007ff818dbb000 	C:\WINDOWS\SYSTEM32\windows.storage.dll
0x00007ff81b5b0000 - 0x00007ff81b6a9000 	C:\WINDOWS\System32\SHCORE.dll
0x00007ff81bd00000 - 0x00007ff81bd66000 	C:\WINDOWS\System32\shlwapi.dll
0x00007ff81a9b0000 - 0x00007ff81a9d9000 	C:\WINDOWS\SYSTEM32\profapi.dll
0x00007ff801b40000 - 0x00007ff801b50000 	C:\Program Files\Android\Android Studio\jbr\bin\net.dll
0x00007ff819cd0000 - 0x00007ff819d3c000 	C:\WINDOWS\system32\mswsock.dll
0x00007fffe10d0000 - 0x00007fffe10e6000 	C:\Program Files\Android\Android Studio\jbr\bin\nio.dll
0x00007fffee0d0000 - 0x00007fffee0e0000 	C:\Program Files\Android\Android Studio\jbr\bin\verify.dll
0x00007ffff67a0000 - 0x00007ffff67a9000 	C:\Program Files\Android\Android Studio\jbr\bin\management.dll
0x00007ffff6740000 - 0x00007ffff674b000 	C:\Program Files\Android\Android Studio\jbr\bin\management_ext.dll
0x00007ff81b760000 - 0x00007ff81b768000 	C:\WINDOWS\System32\PSAPI.DLL
0x00007fff94e80000 - 0x00007fff94ea7000 	C:\Users\Lambert 2\.gradle\native\1def1411415f61bf3af743bc5b6707747c0891f09f0c88961ee8f79bc544acac\windows-amd64\native-platform.dll

JVMTI agents: none

dbghelp: loaded successfully - version: 4.0.5 - missing functions: none
symbol engine: initialized successfully - sym options: 0x614 - pdb path: .;C:\Program Files\Android\Android Studio\jbr\bin;C:\WINDOWS\SYSTEM32;C:\WINDOWS\WinSxS\amd64_microsoft.windows.common-controls_6595b64144ccf1df_6.0.26100.8972_none_3e0da176e32f9d4b;C:\Program Files\Android\Android Studio\jbr\bin\server;C:\Users\Lambert 2\.gradle\native\1def1411415f61bf3af743bc5b6707747c0891f09f0c88961ee8f79bc544acac\windows-amd64

VM Arguments:
jvm_args: -Dorg.gradle.appname=gradlew 
java_command: org.gradle.wrapper.GradleWrapperMain -q -Ptarget-platform=android-x64 -Ptarget=C:\Users\Lambert 2\Desktop\cicloplus_app\lib\main.dart -Pbase-application-name=android.app.Application -Pdart-defines=RkxVVFRFUl9WRVJTSU9OPTMuNDQuOA==,RkxVVFRFUl9DSEFOTkVMPXN0YWJsZQ==,RkxVVFRFUl9HSVRfVVJMPWh0dHBzOi8vZ2l0aHViLmNvbS9mbHV0dGVyL2ZsdXR0ZXIuZ2l0,RkxVVFRFUl9GUkFNRVdPUktfUkVWSVNJT049MDU4ZTBhZjJjMg==,RkxVVFRFUl9FTkdJTkVfUkVWSVNJT049MGNkNjEwNzE3Yg==,RkxVVFRFUl9EQVJUX1ZFUlNJT049My4xMi4y -Pdart-obfuscation=false -Ptrack-widget-creation=true -Ptree-shake-icons=false -Pfilesystem-scheme=org-dartlang-root assembleDebug
java_class_path (initial): C:\Users\Lambert 2\Desktop\cicloplus_app\android\\gradle\wrapper\gradle-wrapper.jar
Launcher Type: SUN_STANDARD

[Global flags]
     intx CICompilerCount                          = 15                                        {product} {ergonomic}
     uint ConcGCThreads                            = 6                                         {product} {ergonomic}
     uint G1ConcRefinementThreads                  = 23                                        {product} {ergonomic}
   size_t G1HeapRegionSize                         = 4194304                                   {product} {ergonomic}
   size_t InitialHeapSize                          = 524288000                                 {product} {ergonomic}
   size_t MarkStackSize                            = 4194304                                   {product} {ergonomic}
   size_t MarkStackSizeMax                         = 536870912                                 {product} {ergonomic}
   size_t MaxHeapSize                              = 8363442176                                {product} {ergonomic}
   size_t MaxNewSize                               = 5016387584                                {product} {ergonomic}
   size_t MinHeapDeltaBytes                        = 4194304                                   {product} {ergonomic}
   size_t MinHeapSize                              = 8388608                                   {product} {ergonomic}
    uintx NonNMethodCodeHeapSize                   = 8192000                                {pd product} {ergonomic}
    uintx NonProfiledCodeHeapSize                  = 121765888                              {pd product} {ergonomic}
    uintx ProfiledCodeHeapSize                     = 121700352                              {pd product} {ergonomic}
    uintx ReservedCodeCacheSize                    = 251658240                              {pd product} {ergonomic}
     bool SegmentedCodeCache                       = true                                      {product} {ergonomic}
   size_t SoftMaxHeapSize                          = 8363442176                             {manageable} {ergonomic}
     bool UseCompressedOops                        = true                           {product lp64_product} {ergonomic}
     bool UseG1GC                                  = true                                      {product} {ergonomic}
     bool UseLargePagesIndividualAllocation        = false                                  {pd product} {ergonomic}

Logging:
Log output configuration:
 #0: stdout all=warning uptime,level,tags foldmultilines=false
 #1: stderr all=off uptime,level,tags foldmultilines=false

Release file:
JAVA_VERSION="25.0.2" 
MODULES="java.base java.compiler java.datatransfer java.xml java.prefs java.desktop java.instrument java.logging java.management java.security.sasl java.naming java.rmi java.management.rmi java.net.http java.scripting java.security.jgss java.transaction.xa java.sql java.sql.rowset java.xml.crypto java.se java.smartcardio jdk.accessibility jdk.internal.jvmstat jdk.attach jdk.charsets jdk.internal.opt jdk.zipfs jdk.compiler jdk.crypto.cryptoki jdk.crypto.ec jdk.dynalink jdk.hotspot.agent jdk.httpserver jdk.internal.ed jdk.internal.le jdk.internal.md jdk.internal.vm.ci jdk.jartool jdk.javadoc jdk.jcmd jdk.jdeps jdk.jdwp.agent jdk.jdi jdk.jfr jdk.jlink jdk.localedata jdk.management jdk.management.agent jdk.management.jfr jdk.naming.dns jdk.naming.rmi jdk.net jdk.sctp jdk.security.auth jdk.security.jgss jdk.unsupported jdk.unsupported.desktop jdk.xml.dom" 
IMPLEMENTOR="JetBrains s.r.o." 
JAVA_RUNTIME_VERSION="25.0.2+-15348964-b329.117" 
LIBC="default" 
OS_ARCH="x86_64" 
OS_NAME="Windows" 
SOURCE=".:git:3cf398e84a39" 

Environment Variables:
JAVA_HOME=C:\Program Files\Android\Android Studio\jbr
CLASSPATH=C:\Users\Lambert 2\Desktop\cicloplus_app\android\\gradle\wrapper\gradle-wrapper.jar
PATH=C:\Program Files\Android\Android Studio\jbr\bin;C:\Python314\Scripts\;C:\Python314\;C:\WINDOWS\system32;C:\WINDOWS;C:\WINDOWS\System32\Wbem;C:\WINDOWS\System32\WindowsPowerShell\v1.0\;C:\WINDOWS\System32\OpenSSH\;C:\Program Files\dotnet\;C:\Program Files\NVIDIA Corporation\NVIDIA App\NvDLISR;C:\Program Files (x86)\NVIDIA Corporation\PhysX\Common;C:\Program Files\nodejs\;C:\ProgramData\chocolatey\bin;C:\Users\Lambert 2\AppData\Local\Programs\Python\Python311\Scripts\;C:\Users\Lambert 2\AppData\Local\Programs\Python\Python311\;C:\Users\Lambert 2\AppData\Local\Microsoft\WindowsApps;C:\Users\Lambert 2\AppData\Local\Programs\Microsoft VS Code\bin;C:\Users\Lambert 2\AppData\Roaming\npm;C:\Users\Lambert 2\Desktop\src\flutter\bin;C:\Users\Lambert 2\Desktop\src\flutter\bin\mingit\cmd
USERNAME=Lambert 2
OS=Windows_NT
PROCESSOR_IDENTIFIER=AMD64 Family 26 Model 68 Stepping 0, AuthenticAMD
TMP=C:\Users\LAMBER~1\AppData\Local\Temp
TEMP=C:\Users\LAMBER~1\AppData\Local\Temp




Compilation memory statistics disabled.

Periodic native trim disabled

JNI global refs:
JNI global refs: 19, weak refs: 0

JNI global refs memory usage: 835, weak refs: 833

Process memory usage:
Resident Set Size: 127336K (0% of 32658156K total physical memory with 10885720K free physical memory)

OOME stack traces (most recent first):
Classloader memory used:
Loader bootstrap                                                                       : 11129 K
Loader org.gradle.internal.classloader.VisitableURLClassLoader                         : 1897 K
Loader java.net.URLClassLoader                                                         : 224 K
Loader jdk.internal.loader.ClassLoaders$AppClassLoader                                 : 143 K

Classes loaded by more than one classloader:
Class org.gradle.cli.AbstractPropertiesCommandLineConverter                           : loaded 2 times (x 85B)
Class org.gradle.cli.CommandLineParser                                                : loaded 2 times (x 81B)
Class org.gradle.internal.service.UnknownServiceException                             : loaded 2 times (x 85B)
Class org.gradle.cli.SystemPropertiesCommandLineConverter                             : loaded 2 times (x 85B)
Class org.gradle.cli.CommandLineArgumentException                                     : loaded 2 times (x 84B)
Class org.gradle.cli.CommandLineParser$KnownOptionParserState                         : loaded 2 times (x 78B)
Class org.gradle.internal.InternalTransformer                                         : loaded 2 times (x 72B)
Class org.gradle.cli.CommandLineParser$OptionAwareParserState                         : loaded 2 times (x 79B)
Class org.gradle.cli.ParsedCommandLine                                                : loaded 2 times (x 82B)
Class org.gradle.cli.CommandLineParser$UnknownOptionParserState                       : loaded 2 times (x 78B)
Class org.gradle.cli.ParsedCommandLineOption                                          : loaded 2 times (x 78B)
Class org.gradle.cli.CommandLineParser$AfterFirstSubCommand                           : loaded 2 times (x 79B)
Class org.gradle.internal.installation.GradleInstallation$1                           : loaded 2 times (x 77B)
Class org.gradle.cli.CommandLineOption                                                : loaded 2 times (x 88B)
Class org.gradle.cli.CommandLineParser$BeforeFirstSubCommand                          : loaded 2 times (x 79B)
Class org.gradle.internal.service.ServiceLookupException                              : loaded 2 times (x 84B)
Class org.gradle.cli.CommandLineParser$OptionParserState                              : loaded 2 times (x 77B)
Class org.gradle.internal.classloader.ClasspathUtil                                   : loaded 2 times (x 73B)
Class org.gradle.api.specs.Spec                                                       : loaded 2 times (x 72B)
Class org.gradle.internal.Cast                                                        : loaded 2 times (x 73B)
Class org.gradle.api.Action                                                           : loaded 2 times (x 72B)
Class org.gradle.cli.AbstractCommandLineConverter                                     : loaded 2 times (x 81B)
Class org.gradle.api.GradleException                                                  : loaded 2 times (x 84B)
Class org.gradle.internal.IoActions                                                   : loaded 2 times (x 73B)
Class org.gradle.cli.CommandLineConverter                                             : loaded 2 times (x 72B)
Class org.gradle.cli.CommandLineParser$MissingOptionArgState                          : loaded 2 times (x 79B)
Class org.gradle.cli.CommandLineParser$ParserState                                    : loaded 2 times (x 78B)
Class org.gradle.cli.CommandLineParser$OptionString                                   : loaded 2 times (x 75B)
Class org.gradle.internal.installation.CurrentGradleInstallationLocator               : loaded 2 times (x 73B)
Class org.gradle.internal.installation.CurrentGradleInstallation                      : loaded 2 times (x 75B)
Class org.gradle.cli.CommandLineParser$AfterOptions                                   : loaded 2 times (x 79B)
Class org.gradle.internal.installation.GradleInstallation                             : loaded 2 times (x 77B)

---------------  S Y S T E M  ---------------

OS:
 Windows 11 , 64 bit Build 26100 (10.0.26100.8972)
OS uptime: 0 days 2:23 hours
Hyper-V role detected

CPU: total 32 (initial active 32) (32 cores per cpu, 2 threads per core) family 26 model 68 stepping 0 microcode 0xb404035, cx8, cmov, fxsr, ht, mmx, 3dnowpref, sse, sse2, sse3, ssse3, sse4a, sse4.1, sse4.2, popcnt, lzcnt, tsc, tscinvbit, avx, avx2, aes, erms, clmul, bmi1, bmi2, adx, avx512f, avx512dq, avx512cd, avx512bw, avx512vl, sha, fma, vzeroupper, avx512_vpopcntdq, avx512_vpclmulqdq, avx512_vaes, avx512_vnni, clflush, clflushopt, clwb, avx512_vbmi2, avx512_vbmi, hv, rdtscp, rdpid, fsrm, gfni, avx512_bitalg, f16c, cet_ss, avx512_ifma
Processor Information for the first 32 processors :
  Max Mhz: 4300, Current Mhz: 4300, Mhz Limit: 4300

Memory: 4k page, system-wide physical 31892M (10630M free)
TotalPageFile size 47892M (AvailPageFile size 21313M)
current process WorkingSet (physical memory assigned to process): 124M, peak: 124M
current process commit charge ("private bytes"): 644M, peak: 646M

vm_info: OpenJDK 64-Bit Server VM (25.0.2+-15348964-b329.117) for windows-amd64 JRE (25.0.2+-15348964-b329.117), built on 2026-05-05T18:25:19Z with MS VC++ 16.10 / 16.11 (VS2019)

END.
